// Jest Snapshot v1, https://goo.gl/fbAQLP

exports[`should match a definition with optionals 1`] = `
Object {
  "areas": Object {
    "value": Object {
      "mismatches": Array [],
      "value": Array [
        Object {
          "key": Object {
            "property": "id",
          },
          "value": Object {
            "type_description": "hey",
          },
        },
      ],
    },
    "var": "result",
  },
  "mismatches": Array [],
}
`;

exports[`should match a simple sequelize definition 1`] = `
Object {
  "areas": Object {
    "model": "Price",
    "model_definition": Object {
      "mismatches": Array [],
      "value": Array [
        Object {
          "key": Object {
            "property": "id",
          },
          "value": Object {
            "type_description": Object {
              "allowNull": false,
              "autoIncrement": false,
              "defaultValue": "UUIDV4",
              "primaryKey": true,
              "type": "UUID",
            },
          },
        },
        Object {
          "key": Object {
            "property": "shape",
          },
          "value": Object {
            "type_description": "STRING",
          },
        },
        Object {
          "key": Object {
            "property": "color",
          },
          "value": Object {
            "type_description": "STRING",
          },
        },
        Object {
          "key": Object {
            "property": "clarity",
          },
          "value": Object {
            "type_description": "STRING",
          },
        },
        Object {
          "key": Object {
            "property": "lowSize",
          },
          "value": Object {
            "type_description": "DECIMAL",
          },
        },
        Object {
          "key": Object {
            "property": "highSize",
          },
          "value": Object {
            "type_description": "DECIMAL",
          },
        },
        Object {
          "key": Object {
            "property": "caratPrice",
          },
          "value": Object {
            "type_description": "DECIMAL",
          },
        },
        Object {
          "key": Object {
            "property": "date",
          },
          "value": Object {
            "type_description": "STRING",
          },
        },
      ],
    },
    "model_name": "Price",
  },
  "mismatches": Array [],
}
`;
